******************************************************************************
                  TI ARM Linker PC v20.2.7                     
******************************************************************************
>> Linked Sat Oct  7 20:09:07 2023

OUTPUT FILE NAME:   <AUTOSAR_DIO_DRIVER.out>
ENTRY POINT SYMBOL: "_c_int00_noinit_noargs"  address: 00000589


MEMORY CONFIGURATION

         name            origin    length      used     unused   attr    fill
----------------------  --------  ---------  --------  --------  ----  --------
  FLASH                 00000000   00040000  000005c8  0003fa38  R  X
  SRAM                  20000000   00008000  00000200  00007e00  RW X


SEGMENT ALLOCATION MAP

run origin  load origin   length   init length attrs members
----------  ----------- ---------- ----------- ----- -------
00000000    00000000    000005c8   000005c8    r-x
  00000000    00000000    0000026c   0000026c    r-- .intvecs
  0000026c    0000026c    0000035c   0000035c    r-x .text
20000000    20000000    00000200   00000000    rw-
  20000000    20000000    00000200   00000000    rw- .stack


SECTION ALLOCATION MAP

 output                                  attributes/
section   page    origin      length       input sections
--------  ----  ----------  ----------   ----------------
.intvecs   0    00000000    0000026c     
                  00000000    0000026c     tm4c123gh6pm_startup_ccs.obj (.intvecs)

.text      0    0000026c    0000035c     
                  0000026c    000001c4     Dio.obj (.text)
                  00000430    000000c4     Port.obj (.text)
                  000004f4    00000092     main.obj (.text)
                  00000586    00000002     --HOLE-- [fill = 0]
                  00000588    0000002c     rtsv7M4_T_le_v4SPD16_eabi.lib : boot_cortex_m.c.obj (.text:_c_int00_noinit_noargs:_c_int00_noinit_noargs)
                  000005b4    0000000c     tm4c123gh6pm_startup_ccs.obj (.text)
                  000005c0    00000004     rtsv7M4_T_le_v4SPD16_eabi.lib : pre_init.c.obj (.text:_system_pre_init)
                  000005c4    00000004                                   : exit.c.obj (.text:abort:abort)

.cinit     0    00000000    00000000     UNINITIALIZED

.init_array 
*          0    00000000    00000000     UNINITIALIZED

.stack     0    20000000    00000200     UNINITIALIZED
                  20000000    00000004     rtsv7M4_T_le_v4SPD16_eabi.lib : boot_cortex_m.c.obj (.stack)
                  20000004    000001fc     --HOLE--

__llvm_prf_cnts 
*          0    20000000    00000000     UNINITIALIZED

MODULE SUMMARY

       Module                         code   ro data   rw data
       ------                         ----   -------   -------
    .\
       tm4c123gh6pm_startup_ccs.obj   12     620       0      
       main.obj                       146    0         0      
    +--+------------------------------+------+---------+---------+
       Total:                         158    620       0      
                                                              
    .\DIO_DRIVER\
       Dio.obj                        452    0         0      
    +--+------------------------------+------+---------+---------+
       Total:                         452    0         0      
                                                              
    .\PORT_DRIVER\
       Port.obj                       196    0         0      
    +--+------------------------------+------+---------+---------+
       Total:                         196    0         0      
                                                              
    C:\ti\ccs1240\ccs\tools\compiler\ti-cgt-arm_20.2.7.LTS\lib\rtsv7M4_T_le_v4SPD16_eabi.lib
       boot_cortex_m.c.obj            44     0         0      
       exit.c.obj                     4      0         0      
       pre_init.c.obj                 4      0         0      
    +--+------------------------------+------+---------+---------+
       Total:                         52     0         0      
                                                              
       Stack:                         0      0         512    
    +--+------------------------------+------+---------+---------+
       Grand Total:                   858    620       512    


GLOBAL SYMBOLS: SORTED ALPHABETICALLY BY Name 

address   name                   
-------   ----                   
000005c5  C$$EXIT                
0000026d  Dio_ReadChannel        
00000393  Dio_ReadPort           
000002d5  Dio_WriteChannel       
000003cb  Dio_WritePort          
00000431  Port_Init              
000005b5  ResetISR               
20000200  __STACK_END            
00000200  __STACK_SIZE           
20000200  __STACK_TOP            
ffffffff  __TI_pprof_out_hndl    
ffffffff  __TI_prof_data_size    
ffffffff  __TI_prof_data_start   
00000000  __TI_static_base__     
ffffffff  __binit__              
ffffffff  __c_args__             
UNDEFED   __mpu_init             
20000000  __stack                
20000000  __start___llvm_prf_cnts
20000000  __stop___llvm_prf_cnts 
00000589  _c_int00_noinit_noargs 
000005c1  _system_pre_init       
000005c5  abort                  
ffffffff  binit                  
000004f5  delay_ms               
00000000  g_pfnVectors           
00000537  main                   


GLOBAL SYMBOLS: SORTED BY Symbol Address 

address   name                   
-------   ----                   
00000000  __TI_static_base__     
00000000  g_pfnVectors           
00000200  __STACK_SIZE           
0000026d  Dio_ReadChannel        
000002d5  Dio_WriteChannel       
00000393  Dio_ReadPort           
000003cb  Dio_WritePort          
00000431  Port_Init              
000004f5  delay_ms               
00000537  main                   
00000589  _c_int00_noinit_noargs 
000005b5  ResetISR               
000005c1  _system_pre_init       
000005c5  C$$EXIT                
000005c5  abort                  
20000000  __stack                
20000000  __start___llvm_prf_cnts
20000000  __stop___llvm_prf_cnts 
20000200  __STACK_END            
20000200  __STACK_TOP            
ffffffff  __TI_pprof_out_hndl    
ffffffff  __TI_prof_data_size    
ffffffff  __TI_prof_data_start   
ffffffff  __binit__              
ffffffff  __c_args__             
ffffffff  binit                  
UNDEFED   __mpu_init             

[27 symbols]
